[    1161ms] [LOG] [runStartupCode] 2026-08-09T16:24:38.726Z top? true @ https://julac-hku.primo.exlibrisgroup.com/discovery/lib/bundle.js?version=58bfe6c3d1:3
[    1166ms] [LOG] [whenJwtSyncReady] returning promise; resolved? false @ https://julac-hku.primo.exlibrisgroup.com/discovery/lib/bundle.js?version=58bfe6c3d1:3
[    1170ms] [LOG] [loginIframe.directive] async trySilentLogin() path triggered @ https://julac-hku.primo.exlibrisgroup.com/discovery/lib/bundle.js?version=58bfe6c3d1:62
[    1170ms] [LOG] [trySilentLogin] disabled in this view @ https://julac-hku.primo.exlibrisgroup.com/discovery/lib/bundle.js?version=58bfe6c3d1:25
[    1170ms] [LOG] try silent login: false @ https://julac-hku.primo.exlibrisgroup.com/discovery/lib/bundle.js?version=58bfe6c3d1:62
[    1180ms] [LOG] Search for query: any,contains,Functional assessment of DMRT1 variants and their pathogenicity scope: MyInst_and_CI facets:  sorted by:rank is related items:undefined @ https://julac-hku.primo.exlibrisgroup.com/discovery/lib/bundle.js?version=58bfe6c3d1:9
[    1181ms] [LOG] [whenJwtSyncReady] returning promise; resolved? false @ https://julac-hku.primo.exlibrisgroup.com/discovery/lib/bundle.js?version=58bfe6c3d1:3
[    1194ms] [WARNING] ARIA: Attribute " aria-label ", required for accessibility, is missing on node: JSHandle@node @ https://julac-hku.primo.exlibrisgroup.com/discovery/lib/angular.js?version=4b036d9fe7:2
[    1196ms] [WARNING] ARIA: Attribute " aria-label ", required for accessibility, is missing on node: JSHandle@node @ https://julac-hku.primo.exlibrisgroup.com/discovery/lib/angular.js?version=4b036d9fe7:2
[    1200ms] [WARNING] ARIA: Attribute " aria-label ", required for accessibility, is missing on node: JSHandle@node @ https://julac-hku.primo.exlibrisgroup.com/discovery/lib/angular.js?version=4b036d9fe7:2
[    1201ms] [WARNING] ARIA: Attribute " aria-label ", required for accessibility, is missing on node: JSHandle@node @ https://julac-hku.primo.exlibrisgroup.com/discovery/lib/angular.js?version=4b036d9fe7:2
[    1203ms] [WARNING] ARIA: Attribute " aria-label ", required for accessibility, is missing on node: JSHandle@node @ https://julac-hku.primo.exlibrisgroup.com/discovery/lib/angular.js?version=4b036d9fe7:2
[    1204ms] [WARNING] ARIA: Attribute " aria-label ", required for accessibility, is missing on node: JSHandle@node @ https://julac-hku.primo.exlibrisgroup.com/discovery/lib/angular.js?version=4b036d9fe7:2
[    1205ms] [WARNING] ARIA: Attribute " aria-label ", required for accessibility, is missing on node: JSHandle@node @ https://julac-hku.primo.exlibrisgroup.com/discovery/lib/angular.js?version=4b036d9fe7:2
[    1217ms] [WARNING] ARIA: Attribute " aria-label ", required for accessibility, is missing on node: JSHandle@node @ https://julac-hku.primo.exlibrisgroup.com/discovery/lib/angular.js?version=4b036d9fe7:2
[    1228ms] [WARNING] ARIA: Attribute " aria-label ", required for accessibility, is missing on node: JSHandle@node @ https://julac-hku.primo.exlibrisgroup.com/discovery/lib/angular.js?version=4b036d9fe7:2
[    1232ms] [WARNING] ARIA: Attribute " aria-label ", required for accessibility, is missing on node: JSHandle@node @ https://julac-hku.primo.exlibrisgroup.com/discovery/lib/angular.js?version=4b036d9fe7:2
[    1237ms] [WARNING] ARIA: Attribute " aria-label ", required for accessibility, is missing on node: JSHandle@node @ https://julac-hku.primo.exlibrisgroup.com/discovery/lib/angular.js?version=4b036d9fe7:2
[    1240ms] [WARNING] ARIA: Attribute " aria-label ", required for accessibility, is missing on node: JSHandle@node @ https://julac-hku.primo.exlibrisgroup.com/discovery/lib/angular.js?version=4b036d9fe7:2
[    1353ms] [LOG] eyJraWQiOiJwcmltYVByaXZhdGVLZXktODUySlVMQUNfSEtVIiwiYWxnIjoiRVMyNTYifQ.eyJpc3MiOiJQcmltYSIsImp0aSI6IiIsImV4cCI6MTc4NjM3OTA3OCwiaWF0IjoxNzg2MjkyNjc4LCJ1c2VyTmFtZSI6ImFub255bW91cy0wODA5XzE2MjQzOCIsImRpc3BsYXlOYW1lIjpudWxsLCJ1c2VyIjoiYW5vbnltb3VzLTA4MDlfMTYyNDM4IiwidXNlckdyb3VwIjoiR1VFU1QiLCJpbnN0aXR1dGlvbiI6Ijg1MkpVTEFDX0hLVSIsInVzZXJJcCI6IjE3NS4xNTkuMTc4Ljk1IiwiYXV0aGVudGljYXRpb25Qcm9maWxlIjoiIiwiYXV0aGVudGljYXRpb25TeXN0ZW0iOiIiLCJsYW5ndWFnZSI6ImVuIiwic2FtbFNlc3Npb25JbmRleCI6IiIsInNhbWxOYW1lSWQiOiIiLCJvbkNhbXB1cyI6ImZhbHNlIiwic2lnbmVkSW4iOm51bGwsInZpZXdJZCI6Ijg1MkpVTEFDX0hLVTpIS1UiLCJzZWxmUmVnaXN0ZXJlZCI6bnVsbCwicmVzdHJpY3RlZFVzZXIiOm51bGx9.lCPzCzRloVMwqnd9DGO9OaviA1EM0LlC4bhYysUEDWQP-GlKJFteeWLx4rWbNbwjVOPOS22QstGXJfRoJk50Gw @ https://julac-hku.primo.exlibrisgroup.com/discovery/lib/bundle.js?version=58bfe6c3d1:93
[    1362ms] [LOG] [runStartupCode] resolving jwtSyncDeferred (tab uuid = df7c3659-0a16-472e-90f0-81c91106ce97 ) @ https://julac-hku.primo.exlibrisgroup.com/discovery/lib/bundle.js?version=58bfe6c3d1:3
[    1368ms] [LOG] start viewer:  @ https://julac-hku.primo.exlibrisgroup.com/discovery/lib/bower_components/pdfjs-viewer/newPdfjs/web/viewer.js:18
[    1516ms] [WARNING] icon custom-ui:qrCode not found @ https://julac-hku.primo.exlibrisgroup.com/discovery/lib/angular.js?version=4b036d9fe7:2
[    1516ms] [WARNING] icon custom-ui:prm_pin not found @ https://julac-hku.primo.exlibrisgroup.com/discovery/lib/angular.js?version=4b036d9fe7:2
[    1516ms] [WARNING] icon custom-ui:account-card-details not found @ https://julac-hku.primo.exlibrisgroup.com/discovery/lib/angular.js?version=4b036d9fe7:2
[    1516ms] [WARNING] icon custom-ui:prm_pin not found @ https://julac-hku.primo.exlibrisgroup.com/discovery/lib/angular.js?version=4b036d9fe7:2
[    1516ms] [WARNING] icon custom-ui:restore not found @ https://julac-hku.primo.exlibrisgroup.com/discovery/lib/angular.js?version=4b036d9fe7:2
[    1516ms] [WARNING] icon custom-ui:dots-horizontal not found @ https://julac-hku.primo.exlibrisgroup.com/discovery/lib/angular.js?version=4b036d9fe7:2
[    1516ms] [WARNING] icon custom-ui:research-assistant not found @ https://julac-hku.primo.exlibrisgroup.com/discovery/lib/angular.js?version=4b036d9fe7:2
[    1516ms] [WARNING] icon custom-ui:magnifying-glass not found @ https://julac-hku.primo.exlibrisgroup.com/discovery/lib/angular.js?version=4b036d9fe7:2
[    1516ms] [WARNING] icon custom-ui:close not found @ https://julac-hku.primo.exlibrisgroup.com/discovery/lib/angular.js?version=4b036d9fe7:2
[    1516ms] [WARNING] icon custom-ui:voice-search not found @ https://julac-hku.primo.exlibrisgroup.com/discovery/lib/angular.js?version=4b036d9fe7:2
[    2171ms] [LOG] Search for query: any,contains,Functional assessment of DMRT1 variants and their pathogenicity scope: MyInst_and_CI facets:  sorted by:rank is related items:undefined @ https://julac-hku.primo.exlibrisgroup.com/discovery/lib/bundle.js?version=58bfe6c3d1:9
[    2195ms] [LOG] this.mainSearchField: @ https://julac-hku.primo.exlibrisgroup.com/discovery/lib/bundle.js?version=58bfe6c3d1:73
[    2196ms] [WARNING] ARIA: Attribute " aria-label ", required for accessibility, is missing on node: JSHandle@node @ https://julac-hku.primo.exlibrisgroup.com/discovery/lib/angular.js?version=4b036d9fe7:2
[    2197ms] [LOG] this.mainSearchField: @ https://julac-hku.primo.exlibrisgroup.com/discovery/lib/bundle.js?version=58bfe6c3d1:73
[    2198ms] [WARNING] ARIA: Attribute " aria-label ", required for accessibility, is missing on node: JSHandle@node @ https://julac-hku.primo.exlibrisgroup.com/discovery/lib/angular.js?version=4b036d9fe7:2
[    2203ms] [WARNING] ARIA: Attribute " aria-label ", required for accessibility, is missing on node: JSHandle@node @ https://julac-hku.primo.exlibrisgroup.com/discovery/lib/angular.js?version=4b036d9fe7:2
[    2213ms] [WARNING] icon custom-ui:research-assistant not found @ https://julac-hku.primo.exlibrisgroup.com/discovery/lib/angular.js?version=4b036d9fe7:2
[    2213ms] [WARNING] icon custom-ui:research-assistant not found @ https://julac-hku.primo.exlibrisgroup.com/discovery/lib/angular.js?version=4b036d9fe7:2
[    2213ms] [WARNING] icon custom-ui:ic_open_in_new_24px not found @ https://julac-hku.primo.exlibrisgroup.com/discovery/lib/angular.js?version=4b036d9fe7:2
[    2213ms] [WARNING] icon custom-ui:close-side-window not found @ https://julac-hku.primo.exlibrisgroup.com/discovery/lib/angular.js?version=4b036d9fe7:2
[    2213ms] [WARNING] icon custom-ui:research-assistant-sidebar-arrow not found @ https://julac-hku.primo.exlibrisgroup.com/discovery/lib/angular.js?version=4b036d9fe7:2
[    2213ms] [WARNING] icon custom-ui:ic_close_24px not found @ https://julac-hku.primo.exlibrisgroup.com/discovery/lib/angular.js?version=4b036d9fe7:2
[    2226ms] [LOG] this.mainSearchField: @ https://julac-hku.primo.exlibrisgroup.com/discovery/lib/bundle.js?version=58bfe6c3d1:73
[    2226ms] [LOG] this.mainSearchField: @ https://julac-hku.primo.exlibrisgroup.com/discovery/lib/bundle.js?version=58bfe6c3d1:73
[    2238ms] [WARNING] ARIA: Attribute " aria-label ", required for accessibility, is missing on node: JSHandle@node @ https://julac-hku.primo.exlibrisgroup.com/discovery/lib/angular.js?version=4b036d9fe7:2
[    2240ms] [WARNING] icon custom-ui:ic_close_24px not found @ https://julac-hku.primo.exlibrisgroup.com/discovery/lib/angular.js?version=4b036d9fe7:2
[    2240ms] [WARNING] icon custom-ui:chevron-right not found @ https://julac-hku.primo.exlibrisgroup.com/discovery/lib/angular.js?version=4b036d9fe7:2
[    2240ms] [WARNING] icon custom-ui:prm_pin not found @ https://julac-hku.primo.exlibrisgroup.com/discovery/lib/angular.js?version=4b036d9fe7:2
[    2240ms] [WARNING] icon custom-ui:ic_more_horiz_24px not found @ https://julac-hku.primo.exlibrisgroup.com/discovery/lib/angular.js?version=4b036d9fe7:2
[    2261ms] [WARNING] ARIA: Attribute " aria-label ", required for accessibility, is missing on node: JSHandle@node @ https://julac-hku.primo.exlibrisgroup.com/discovery/lib/angular.js?version=4b036d9fe7:2
[    2263ms] [LOG] this.mainSearchField: @ https://julac-hku.primo.exlibrisgroup.com/discovery/lib/bundle.js?version=58bfe6c3d1:73
[    2264ms] [LOG] this.mainSearchField: @ https://julac-hku.primo.exlibrisgroup.com/discovery/lib/bundle.js?version=58bfe6c3d1:73
[    2267ms] [WARNING] icon custom-ui:sign-in not found @ https://julac-hku.primo.exlibrisgroup.com/discovery/lib/angular.js?version=4b036d9fe7:2
[    2267ms] [WARNING] icon custom-ui:peer-reviewed not found @ https://julac-hku.primo.exlibrisgroup.com/discovery/lib/angular.js?version=4b036d9fe7:2
[    2267ms] [WARNING] icon custom-ui:open-access not found @ https://julac-hku.primo.exlibrisgroup.com/discovery/lib/angular.js?version=4b036d9fe7:2
[    2267ms] [WARNING] icon custom-ui:link not found @ https://julac-hku.primo.exlibrisgroup.com/discovery/lib/angular.js?version=4b036d9fe7:2
[    2267ms] [WARNING] icon custom-ui:chevron-right not found @ https://julac-hku.primo.exlibrisgroup.com/discovery/lib/angular.js?version=4b036d9fe7:2
[    2267ms] [WARNING] icon custom-ui:open-in-new not found @ https://julac-hku.primo.exlibrisgroup.com/discovery/lib/angular.js?version=4b036d9fe7:2
[    2267ms] [WARNING] icon custom-ui:citation not found @ https://julac-hku.primo.exlibrisgroup.com/discovery/lib/angular.js?version=4b036d9fe7:2
[    2267ms] [WARNING] icon custom-ui:citation not found @ https://julac-hku.primo.exlibrisgroup.com/discovery/lib/angular.js?version=4b036d9fe7:2
[    2267ms] [WARNING] icon custom-ui:chevron-left not found @ https://julac-hku.primo.exlibrisgroup.com/discovery/lib/angular.js?version=4b036d9fe7:2
[    2267ms] [WARNING] icon custom-ui:chevron-right not found @ https://julac-hku.primo.exlibrisgroup.com/discovery/lib/angular.js?version=4b036d9fe7:2
[    2267ms] [WARNING] icon custom-ui:personalize-results not found @ https://julac-hku.primo.exlibrisgroup.com/discovery/lib/angular.js?version=4b036d9fe7:2
[    2271ms] [LOG] this.mainSearchField: @ https://julac-hku.primo.exlibrisgroup.com/discovery/lib/bundle.js?version=58bfe6c3d1:73
[    2271ms] [LOG] this.mainSearchField: @ https://julac-hku.primo.exlibrisgroup.com/discovery/lib/bundle.js?version=58bfe6c3d1:73
[    2273ms] [LOG] this.mainSearchField: @ https://julac-hku.primo.exlibrisgroup.com/discovery/lib/bundle.js?version=58bfe6c3d1:73
[    2273ms] [LOG] this.mainSearchField: @ https://julac-hku.primo.exlibrisgroup.com/discovery/lib/bundle.js?version=58bfe6c3d1:73
[    2311ms] [LOG] this.mainSearchField: @ https://julac-hku.primo.exlibrisgroup.com/discovery/lib/bundle.js?version=58bfe6c3d1:73
[    2312ms] [LOG] this.mainSearchField: @ https://julac-hku.primo.exlibrisgroup.com/discovery/lib/bundle.js?version=58bfe6c3d1:73
[    2316ms] [WARNING] icon custom-ui:open-in-new not found @ https://julac-hku.primo.exlibrisgroup.com/discovery/lib/angular.js?version=4b036d9fe7:2
[    2316ms] [WARNING] icon custom-ui:chevron-right not found @ https://julac-hku.primo.exlibrisgroup.com/discovery/lib/angular.js?version=4b036d9fe7:2
[    2316ms] [WARNING] icon custom-ui:html-link not found @ https://julac-hku.primo.exlibrisgroup.com/discovery/lib/angular.js?version=4b036d9fe7:2
[    2320ms] [LOG] this.mainSearchField: @ https://julac-hku.primo.exlibrisgroup.com/discovery/lib/bundle.js?version=58bfe6c3d1:73
[    2320ms] [LOG] this.mainSearchField: @ https://julac-hku.primo.exlibrisgroup.com/discovery/lib/bundle.js?version=58bfe6c3d1:73
[    2321ms] [LOG] this.mainSearchField: @ https://julac-hku.primo.exlibrisgroup.com/discovery/lib/bundle.js?version=58bfe6c3d1:73
[    2321ms] [LOG] this.mainSearchField: @ https://julac-hku.primo.exlibrisgroup.com/discovery/lib/bundle.js?version=58bfe6c3d1:73
[    2326ms] [LOG] this.mainSearchField: @ https://julac-hku.primo.exlibrisgroup.com/discovery/lib/bundle.js?version=58bfe6c3d1:73
[    2326ms] [LOG] this.mainSearchField: @ https://julac-hku.primo.exlibrisgroup.com/discovery/lib/bundle.js?version=58bfe6c3d1:73
[    2331ms] [LOG] this.mainSearchField: @ https://julac-hku.primo.exlibrisgroup.com/discovery/lib/bundle.js?version=58bfe6c3d1:73
[    2331ms] [LOG] this.mainSearchField: @ https://julac-hku.primo.exlibrisgroup.com/discovery/lib/bundle.js?version=58bfe6c3d1:73
[    2334ms] [LOG] this.mainSearchField: @ https://julac-hku.primo.exlibrisgroup.com/discovery/lib/bundle.js?version=58bfe6c3d1:73
[    2334ms] [LOG] this.mainSearchField: @ https://julac-hku.primo.exlibrisgroup.com/discovery/lib/bundle.js?version=58bfe6c3d1:73
[    2337ms] [LOG] this.mainSearchField: @ https://julac-hku.primo.exlibrisgroup.com/discovery/lib/bundle.js?version=58bfe6c3d1:73
[    2337ms] [LOG] this.mainSearchField: @ https://julac-hku.primo.exlibrisgroup.com/discovery/lib/bundle.js?version=58bfe6c3d1:73
[    2341ms] [LOG] this.mainSearchField: @ https://julac-hku.primo.exlibrisgroup.com/discovery/lib/bundle.js?version=58bfe6c3d1:73
[    2341ms] [LOG] this.mainSearchField: @ https://julac-hku.primo.exlibrisgroup.com/discovery/lib/bundle.js?version=58bfe6c3d1:73
[    2343ms] [LOG] this.mainSearchField: @ https://julac-hku.primo.exlibrisgroup.com/discovery/lib/bundle.js?version=58bfe6c3d1:73
[    2343ms] [LOG] this.mainSearchField: @ https://julac-hku.primo.exlibrisgroup.com/discovery/lib/bundle.js?version=58bfe6c3d1:73
[    2350ms] [LOG] this.mainSearchField: @ https://julac-hku.primo.exlibrisgroup.com/discovery/lib/bundle.js?version=58bfe6c3d1:73
[    2350ms] [LOG] this.mainSearchField: @ https://julac-hku.primo.exlibrisgroup.com/discovery/lib/bundle.js?version=58bfe6c3d1:73
[    2352ms] [LOG] this.mainSearchField: @ https://julac-hku.primo.exlibrisgroup.com/discovery/lib/bundle.js?version=58bfe6c3d1:73
[    2352ms] [LOG] this.mainSearchField: @ https://julac-hku.primo.exlibrisgroup.com/discovery/lib/bundle.js?version=58bfe6c3d1:73
[    2354ms] [LOG] this.mainSearchField: @ https://julac-hku.primo.exlibrisgroup.com/discovery/lib/bundle.js?version=58bfe6c3d1:73
[    2354ms] [LOG] this.mainSearchField: @ https://julac-hku.primo.exlibrisgroup.com/discovery/lib/bundle.js?version=58bfe6c3d1:73
[    2355ms] [LOG] this.mainSearchField: @ https://julac-hku.primo.exlibrisgroup.com/discovery/lib/bundle.js?version=58bfe6c3d1:73
[    2356ms] [LOG] this.mainSearchField: @ https://julac-hku.primo.exlibrisgroup.com/discovery/lib/bundle.js?version=58bfe6c3d1:73
[    2357ms] [LOG] this.mainSearchField: @ https://julac-hku.primo.exlibrisgroup.com/discovery/lib/bundle.js?version=58bfe6c3d1:73
[    2358ms] [LOG] this.mainSearchField: @ https://julac-hku.primo.exlibrisgroup.com/discovery/lib/bundle.js?version=58bfe6c3d1:73
[    2362ms] [LOG] this.mainSearchField: @ https://julac-hku.primo.exlibrisgroup.com/discovery/lib/bundle.js?version=58bfe6c3d1:73
[    2363ms] [LOG] this.mainSearchField: @ https://julac-hku.primo.exlibrisgroup.com/discovery/lib/bundle.js?version=58bfe6c3d1:73
[    2534ms] [LOG] this.mainSearchField: @ https://julac-hku.primo.exlibrisgroup.com/discovery/lib/bundle.js?version=58bfe6c3d1:73
[    2534ms] [LOG] this.mainSearchField: @ https://julac-hku.primo.exlibrisgroup.com/discovery/lib/bundle.js?version=58bfe6c3d1:73
[    2605ms] [LOG] this.mainSearchField: @ https://julac-hku.primo.exlibrisgroup.com/discovery/lib/bundle.js?version=58bfe6c3d1:73
[    2605ms] [LOG] this.mainSearchField: @ https://julac-hku.primo.exlibrisgroup.com/discovery/lib/bundle.js?version=58bfe6c3d1:73
[    2622ms] [LOG] this.mainSearchField: @ https://julac-hku.primo.exlibrisgroup.com/discovery/lib/bundle.js?version=58bfe6c3d1:73
[    2622ms] [LOG] this.mainSearchField: @ https://julac-hku.primo.exlibrisgroup.com/discovery/lib/bundle.js?version=58bfe6c3d1:73
[    2857ms] [LOG] this.mainSearchField: @ https://julac-hku.primo.exlibrisgroup.com/discovery/lib/bundle.js?version=58bfe6c3d1:73
[    2857ms] [LOG] this.mainSearchField: @ https://julac-hku.primo.exlibrisgroup.com/discovery/lib/bundle.js?version=58bfe6c3d1:73
[    2860ms] [LOG] this.mainSearchField: @ https://julac-hku.primo.exlibrisgroup.com/discovery/lib/bundle.js?version=58bfe6c3d1:73
[    2860ms] [LOG] this.mainSearchField: @ https://julac-hku.primo.exlibrisgroup.com/discovery/lib/bundle.js?version=58bfe6c3d1:73
[    2863ms] [LOG] this.mainSearchField: @ https://julac-hku.primo.exlibrisgroup.com/discovery/lib/bundle.js?version=58bfe6c3d1:73
[    2863ms] [LOG] this.mainSearchField: @ https://julac-hku.primo.exlibrisgroup.com/discovery/lib/bundle.js?version=58bfe6c3d1:73
[    3021ms] [LOG] this.mainSearchField: @ https://julac-hku.primo.exlibrisgroup.com/discovery/lib/bundle.js?version=58bfe6c3d1:73
[    3022ms] [LOG] this.mainSearchField: @ https://julac-hku.primo.exlibrisgroup.com/discovery/lib/bundle.js?version=58bfe6c3d1:73
[    3173ms] [LOG] this.mainSearchField: @ https://julac-hku.primo.exlibrisgroup.com/discovery/lib/bundle.js?version=58bfe6c3d1:73
[    3174ms] [LOG] this.mainSearchField: @ https://julac-hku.primo.exlibrisgroup.com/discovery/lib/bundle.js?version=58bfe6c3d1:73
[    3176ms] [LOG] this.mainSearchField: @ https://julac-hku.primo.exlibrisgroup.com/discovery/lib/bundle.js?version=58bfe6c3d1:73
[    3177ms] [LOG] this.mainSearchField: @ https://julac-hku.primo.exlibrisgroup.com/discovery/lib/bundle.js?version=58bfe6c3d1:73
[    3181ms] [LOG] this.mainSearchField: @ https://julac-hku.primo.exlibrisgroup.com/discovery/lib/bundle.js?version=58bfe6c3d1:73
[    3181ms] [LOG] this.mainSearchField: @ https://julac-hku.primo.exlibrisgroup.com/discovery/lib/bundle.js?version=58bfe6c3d1:73
[    3213ms] [LOG] this.mainSearchField: @ https://julac-hku.primo.exlibrisgroup.com/discovery/lib/bundle.js?version=58bfe6c3d1:73
[    3213ms] [LOG] this.mainSearchField: @ https://julac-hku.primo.exlibrisgroup.com/discovery/lib/bundle.js?version=58bfe6c3d1:73
[    4188ms] [LOG] this.mainSearchField: @ https://julac-hku.primo.exlibrisgroup.com/discovery/lib/bundle.js?version=58bfe6c3d1:73
[    4188ms] [LOG] this.mainSearchField: @ https://julac-hku.primo.exlibrisgroup.com/discovery/lib/bundle.js?version=58bfe6c3d1:73
[    4224ms] [LOG] this.mainSearchField: @ https://julac-hku.primo.exlibrisgroup.com/discovery/lib/bundle.js?version=58bfe6c3d1:73
[    4225ms] [LOG] this.mainSearchField: @ https://julac-hku.primo.exlibrisgroup.com/discovery/lib/bundle.js?version=58bfe6c3d1:73
[    4229ms] [WARNING] icon custom-ui:ic_more_horiz_24px not found @ https://julac-hku.primo.exlibrisgroup.com/discovery/lib/angular.js?version=4b036d9fe7:2
[    4229ms] [WARNING] icon custom-ui:close not found @ https://julac-hku.primo.exlibrisgroup.com/discovery/lib/angular.js?version=4b036d9fe7:2
[    4229ms] [WARNING] icon custom-ui:citation not found @ https://julac-hku.primo.exlibrisgroup.com/discovery/lib/angular.js?version=4b036d9fe7:2
[    4229ms] [WARNING] icon custom-ui:email not found @ https://julac-hku.primo.exlibrisgroup.com/discovery/lib/angular.js?version=4b036d9fe7:2
[    4235ms] [LOG] this.mainSearchField: @ https://julac-hku.primo.exlibrisgroup.com/discovery/lib/bundle.js?version=58bfe6c3d1:73
[    4235ms] [LOG] this.mainSearchField: @ https://julac-hku.primo.exlibrisgroup.com/discovery/lib/bundle.js?version=58bfe6c3d1:73
[    4240ms] [WARNING] icon custom-ui:prm_pin not found @ https://julac-hku.primo.exlibrisgroup.com/discovery/lib/angular.js?version=4b036d9fe7:2
[    4240ms] [WARNING] icon custom-ui:citedBy not found @ https://julac-hku.primo.exlibrisgroup.com/discovery/lib/angular.js?version=4b036d9fe7:2
[    4240ms] [WARNING] icon custom-ui:citing not found @ https://julac-hku.primo.exlibrisgroup.com/discovery/lib/angular.js?version=4b036d9fe7:2
[    4245ms] [LOG] this.mainSearchField: @ https://julac-hku.primo.exlibrisgroup.com/discovery/lib/bundle.js?version=58bfe6c3d1:73
[    4245ms] [LOG] this.mainSearchField: @ https://julac-hku.primo.exlibrisgroup.com/discovery/lib/bundle.js?version=58bfe6c3d1:73
[    4247ms] [LOG] this.mainSearchField: @ https://julac-hku.primo.exlibrisgroup.com/discovery/lib/bundle.js?version=58bfe6c3d1:73
[    4247ms] [LOG] this.mainSearchField: @ https://julac-hku.primo.exlibrisgroup.com/discovery/lib/bundle.js?version=58bfe6c3d1:73
[    4251ms] [LOG] this.mainSearchField: @ https://julac-hku.primo.exlibrisgroup.com/discovery/lib/bundle.js?version=58bfe6c3d1:73
[    4251ms] [LOG] this.mainSearchField: @ https://julac-hku.primo.exlibrisgroup.com/discovery/lib/bundle.js?version=58bfe6c3d1:73
[    4254ms] [LOG] this.mainSearchField: @ https://julac-hku.primo.exlibrisgroup.com/discovery/lib/bundle.js?version=58bfe6c3d1:73
[    4254ms] [LOG] this.mainSearchField: @ https://julac-hku.primo.exlibrisgroup.com/discovery/lib/bundle.js?version=58bfe6c3d1:73
[   12435ms] [LOG] this.mainSearchField: @ https://julac-hku.primo.exlibrisgroup.com/discovery/lib/bundle.js?version=58bfe6c3d1:73
[   12435ms] [LOG] this.mainSearchField: @ https://julac-hku.primo.exlibrisgroup.com/discovery/lib/bundle.js?version=58bfe6c3d1:73
[   12440ms] [LOG] this.mainSearchField: @ https://julac-hku.primo.exlibrisgroup.com/discovery/lib/bundle.js?version=58bfe6c3d1:73
[   12440ms] [LOG] this.mainSearchField: @ https://julac-hku.primo.exlibrisgroup.com/discovery/lib/bundle.js?version=58bfe6c3d1:73
[   12482ms] [LOG] this.mainSearchField: @ https://julac-hku.primo.exlibrisgroup.com/discovery/lib/bundle.js?version=58bfe6c3d1:73
[   12482ms] [LOG] this.mainSearchField: @ https://julac-hku.primo.exlibrisgroup.com/discovery/lib/bundle.js?version=58bfe6c3d1:73
[   12485ms] [LOG] this.mainSearchField: @ https://julac-hku.primo.exlibrisgroup.com/discovery/lib/bundle.js?version=58bfe6c3d1:73
[   12485ms] [LOG] this.mainSearchField: @ https://julac-hku.primo.exlibrisgroup.com/discovery/lib/bundle.js?version=58bfe6c3d1:73
[   12487ms] [LOG] this.mainSearchField: @ https://julac-hku.primo.exlibrisgroup.com/discovery/lib/bundle.js?version=58bfe6c3d1:73
[   12487ms] [LOG] this.mainSearchField: @ https://julac-hku.primo.exlibrisgroup.com/discovery/lib/bundle.js?version=58bfe6c3d1:73
[   12489ms] [LOG] this.mainSearchField: @ https://julac-hku.primo.exlibrisgroup.com/discovery/lib/bundle.js?version=58bfe6c3d1:73
[   12489ms] [LOG] this.mainSearchField: @ https://julac-hku.primo.exlibrisgroup.com/discovery/lib/bundle.js?version=58bfe6c3d1:73
[   13164ms] [LOG] this.mainSearchField: @ https://julac-hku.primo.exlibrisgroup.com/discovery/lib/bundle.js?version=58bfe6c3d1:73
[   13165ms] [LOG] this.mainSearchField: @ https://julac-hku.primo.exlibrisgroup.com/discovery/lib/bundle.js?version=58bfe6c3d1:73
[   13169ms] [LOG] this.mainSearchField: @ https://julac-hku.primo.exlibrisgroup.com/discovery/lib/bundle.js?version=58bfe6c3d1:73
[   13169ms] [LOG] this.mainSearchField: @ https://julac-hku.primo.exlibrisgroup.com/discovery/lib/bundle.js?version=58bfe6c3d1:73
[   52382ms] [LOG] got the wrong message,  event.data.event_id= undefined @ https://julac-hku.primo.exlibrisgroup.com/discovery/lib/bundle.js?version=58bfe6c3d1:62
