[     900ms] [LOG] [runStartupCode] 2026-08-09T16:09:49.001Z top? true @ https://julac-hku.primo.exlibrisgroup.com/discovery/lib/bundle.js?version=58bfe6c3d1:3
[     908ms] [LOG] [loginIframe.directive] async trySilentLogin() path triggered @ https://julac-hku.primo.exlibrisgroup.com/discovery/lib/bundle.js?version=58bfe6c3d1:62
[     908ms] [LOG] [trySilentLogin] disabled in this view @ https://julac-hku.primo.exlibrisgroup.com/discovery/lib/bundle.js?version=58bfe6c3d1:25
[     908ms] [LOG] try silent login: false @ https://julac-hku.primo.exlibrisgroup.com/discovery/lib/bundle.js?version=58bfe6c3d1:62
[     914ms] [LOG] Search for query: any,contains,DMRT proteins and coordination of mammalian spermatogenesis scope: MyInst_and_CI facets:  sorted by:rank is related items:undefined @ https://julac-hku.primo.exlibrisgroup.com/discovery/lib/bundle.js?version=58bfe6c3d1:9
[     924ms] [WARNING] ARIA: Attribute " aria-label ", required for accessibility, is missing on node: JSHandle@node @ https://julac-hku.primo.exlibrisgroup.com/discovery/lib/angular.js?version=4b036d9fe7:2
[     928ms] [WARNING] ARIA: Attribute " aria-label ", required for accessibility, is missing on node: JSHandle@node @ https://julac-hku.primo.exlibrisgroup.com/discovery/lib/angular.js?version=4b036d9fe7:2
[     930ms] [WARNING] ARIA: Attribute " aria-label ", required for accessibility, is missing on node: JSHandle@node @ https://julac-hku.primo.exlibrisgroup.com/discovery/lib/angular.js?version=4b036d9fe7:2
[     931ms] [WARNING] ARIA: Attribute " aria-label ", required for accessibility, is missing on node: JSHandle@node @ https://julac-hku.primo.exlibrisgroup.com/discovery/lib/angular.js?version=4b036d9fe7:2
[     932ms] [WARNING] ARIA: Attribute " aria-label ", required for accessibility, is missing on node: JSHandle@node @ https://julac-hku.primo.exlibrisgroup.com/discovery/lib/angular.js?version=4b036d9fe7:2
[     933ms] [WARNING] ARIA: Attribute " aria-label ", required for accessibility, is missing on node: JSHandle@node @ https://julac-hku.primo.exlibrisgroup.com/discovery/lib/angular.js?version=4b036d9fe7:2
[     934ms] [WARNING] ARIA: Attribute " aria-label ", required for accessibility, is missing on node: JSHandle@node @ https://julac-hku.primo.exlibrisgroup.com/discovery/lib/angular.js?version=4b036d9fe7:2
[     943ms] [WARNING] ARIA: Attribute " aria-label ", required for accessibility, is missing on node: JSHandle@node @ https://julac-hku.primo.exlibrisgroup.com/discovery/lib/angular.js?version=4b036d9fe7:2
[     952ms] [WARNING] ARIA: Attribute " aria-label ", required for accessibility, is missing on node: JSHandle@node @ https://julac-hku.primo.exlibrisgroup.com/discovery/lib/angular.js?version=4b036d9fe7:2
[     956ms] [WARNING] ARIA: Attribute " aria-label ", required for accessibility, is missing on node: JSHandle@node @ https://julac-hku.primo.exlibrisgroup.com/discovery/lib/angular.js?version=4b036d9fe7:2
[     960ms] [WARNING] ARIA: Attribute " aria-label ", required for accessibility, is missing on node: JSHandle@node @ https://julac-hku.primo.exlibrisgroup.com/discovery/lib/angular.js?version=4b036d9fe7:2
[     963ms] [WARNING] ARIA: Attribute " aria-label ", required for accessibility, is missing on node: JSHandle@node @ https://julac-hku.primo.exlibrisgroup.com/discovery/lib/angular.js?version=4b036d9fe7:2
[     978ms] [WARNING] icon custom-ui:qrCode not found @ https://julac-hku.primo.exlibrisgroup.com/discovery/lib/angular.js?version=4b036d9fe7:2
[     978ms] [WARNING] icon custom-ui:prm_pin not found @ https://julac-hku.primo.exlibrisgroup.com/discovery/lib/angular.js?version=4b036d9fe7:2
[     978ms] [WARNING] icon custom-ui:account-card-details not found @ https://julac-hku.primo.exlibrisgroup.com/discovery/lib/angular.js?version=4b036d9fe7:2
[     978ms] [WARNING] icon custom-ui:prm_pin not found @ https://julac-hku.primo.exlibrisgroup.com/discovery/lib/angular.js?version=4b036d9fe7:2
[     978ms] [WARNING] icon custom-ui:restore not found @ https://julac-hku.primo.exlibrisgroup.com/discovery/lib/angular.js?version=4b036d9fe7:2
[     978ms] [WARNING] icon custom-ui:dots-horizontal not found @ https://julac-hku.primo.exlibrisgroup.com/discovery/lib/angular.js?version=4b036d9fe7:2
[     978ms] [WARNING] icon custom-ui:research-assistant not found @ https://julac-hku.primo.exlibrisgroup.com/discovery/lib/angular.js?version=4b036d9fe7:2
[     978ms] [WARNING] icon custom-ui:magnifying-glass not found @ https://julac-hku.primo.exlibrisgroup.com/discovery/lib/angular.js?version=4b036d9fe7:2
[     978ms] [WARNING] icon custom-ui:close not found @ https://julac-hku.primo.exlibrisgroup.com/discovery/lib/angular.js?version=4b036d9fe7:2
[     978ms] [WARNING] icon custom-ui:voice-search not found @ https://julac-hku.primo.exlibrisgroup.com/discovery/lib/angular.js?version=4b036d9fe7:2
[     992ms] [LOG] start viewer:  @ https://julac-hku.primo.exlibrisgroup.com/discovery/lib/bower_components/pdfjs-viewer/newPdfjs/web/viewer.js:18
[    1086ms] [LOG] eyJraWQiOiJwcmltYVByaXZhdGVLZXktODUySlVMQUNfSEtVIiwiYWxnIjoiRVMyNTYifQ.eyJpc3MiOiJQcmltYSIsImp0aSI6IiIsImV4cCI6MTc4NjM3ODE4OSwiaWF0IjoxNzg2MjkxNzg5LCJ1c2VyTmFtZSI6ImFub255bW91cy0wODA5XzE2MDk0OSIsImRpc3BsYXlOYW1lIjpudWxsLCJ1c2VyIjoiYW5vbnltb3VzLTA4MDlfMTYwOTQ5IiwidXNlckdyb3VwIjoiR1VFU1QiLCJpbnN0aXR1dGlvbiI6Ijg1MkpVTEFDX0hLVSIsInVzZXJJcCI6IjE3NS4xNTkuMTc4Ljk1IiwiYXV0aGVudGljYXRpb25Qcm9maWxlIjoiIiwiYXV0aGVudGljYXRpb25TeXN0ZW0iOiIiLCJsYW5ndWFnZSI6ImVuIiwic2FtbFNlc3Npb25JbmRleCI6IiIsInNhbWxOYW1lSWQiOiIiLCJvbkNhbXB1cyI6ImZhbHNlIiwic2lnbmVkSW4iOm51bGwsInZpZXdJZCI6Ijg1MkpVTEFDX0hLVTpIS1UiLCJzZWxmUmVnaXN0ZXJlZCI6bnVsbCwicmVzdHJpY3RlZFVzZXIiOm51bGx9.FIFEUILaKYYfPEsobC778gJriAsSZIJiBLTaCce9lMEolTayc9Lran7l_FEYRIWpKYsL6cl5izKoJaPaZK7kYw @ https://julac-hku.primo.exlibrisgroup.com/discovery/lib/bundle.js?version=58bfe6c3d1:93
[    1100ms] [LOG] [runStartupCode] resolving jwtSyncDeferred (tab uuid = 4c0bf299-2894-4a30-a409-499a8535cdce ) @ https://julac-hku.primo.exlibrisgroup.com/discovery/lib/bundle.js?version=58bfe6c3d1:3
[    1786ms] [LOG] Search for query: any,contains,DMRT proteins and coordination of mammalian spermatogenesis scope: MyInst_and_CI facets:  sorted by:rank is related items:undefined @ https://julac-hku.primo.exlibrisgroup.com/discovery/lib/bundle.js?version=58bfe6c3d1:9
[    1803ms] [LOG] this.mainSearchField: @ https://julac-hku.primo.exlibrisgroup.com/discovery/lib/bundle.js?version=58bfe6c3d1:73
[    1804ms] [WARNING] ARIA: Attribute " aria-label ", required for accessibility, is missing on node: JSHandle@node @ https://julac-hku.primo.exlibrisgroup.com/discovery/lib/angular.js?version=4b036d9fe7:2
[    1804ms] [LOG] this.mainSearchField: @ https://julac-hku.primo.exlibrisgroup.com/discovery/lib/bundle.js?version=58bfe6c3d1:73
[    1805ms] [WARNING] ARIA: Attribute " aria-label ", required for accessibility, is missing on node: JSHandle@node @ https://julac-hku.primo.exlibrisgroup.com/discovery/lib/angular.js?version=4b036d9fe7:2
[    1810ms] [WARNING] ARIA: Attribute " aria-label ", required for accessibility, is missing on node: JSHandle@node @ https://julac-hku.primo.exlibrisgroup.com/discovery/lib/angular.js?version=4b036d9fe7:2
[    1817ms] [WARNING] icon custom-ui:research-assistant not found @ https://julac-hku.primo.exlibrisgroup.com/discovery/lib/angular.js?version=4b036d9fe7:2
[    1817ms] [WARNING] icon custom-ui:research-assistant not found @ https://julac-hku.primo.exlibrisgroup.com/discovery/lib/angular.js?version=4b036d9fe7:2
[    1817ms] [WARNING] icon custom-ui:ic_open_in_new_24px not found @ https://julac-hku.primo.exlibrisgroup.com/discovery/lib/angular.js?version=4b036d9fe7:2
[    1817ms] [WARNING] icon custom-ui:close-side-window not found @ https://julac-hku.primo.exlibrisgroup.com/discovery/lib/angular.js?version=4b036d9fe7:2
[    1817ms] [WARNING] icon custom-ui:research-assistant-sidebar-arrow not found @ https://julac-hku.primo.exlibrisgroup.com/discovery/lib/angular.js?version=4b036d9fe7:2
[    1817ms] [WARNING] icon custom-ui:ic_close_24px not found @ https://julac-hku.primo.exlibrisgroup.com/discovery/lib/angular.js?version=4b036d9fe7:2
[    1830ms] [LOG] this.mainSearchField: @ https://julac-hku.primo.exlibrisgroup.com/discovery/lib/bundle.js?version=58bfe6c3d1:73
[    1830ms] [LOG] this.mainSearchField: @ https://julac-hku.primo.exlibrisgroup.com/discovery/lib/bundle.js?version=58bfe6c3d1:73
[    1840ms] [WARNING] ARIA: Attribute " aria-label ", required for accessibility, is missing on node: JSHandle@node @ https://julac-hku.primo.exlibrisgroup.com/discovery/lib/angular.js?version=4b036d9fe7:2
[    1842ms] [WARNING] icon custom-ui:ic_close_24px not found @ https://julac-hku.primo.exlibrisgroup.com/discovery/lib/angular.js?version=4b036d9fe7:2
[    1842ms] [WARNING] icon custom-ui:chevron-right not found @ https://julac-hku.primo.exlibrisgroup.com/discovery/lib/angular.js?version=4b036d9fe7:2
[    1842ms] [WARNING] icon custom-ui:prm_pin not found @ https://julac-hku.primo.exlibrisgroup.com/discovery/lib/angular.js?version=4b036d9fe7:2
[    1842ms] [WARNING] icon custom-ui:ic_more_horiz_24px not found @ https://julac-hku.primo.exlibrisgroup.com/discovery/lib/angular.js?version=4b036d9fe7:2
[    1857ms] [WARNING] ARIA: Attribute " aria-label ", required for accessibility, is missing on node: JSHandle@node @ https://julac-hku.primo.exlibrisgroup.com/discovery/lib/angular.js?version=4b036d9fe7:2
[    1859ms] [LOG] this.mainSearchField: @ https://julac-hku.primo.exlibrisgroup.com/discovery/lib/bundle.js?version=58bfe6c3d1:73
[    1859ms] [LOG] this.mainSearchField: @ https://julac-hku.primo.exlibrisgroup.com/discovery/lib/bundle.js?version=58bfe6c3d1:73
[    1862ms] [WARNING] icon custom-ui:sign-in not found @ https://julac-hku.primo.exlibrisgroup.com/discovery/lib/angular.js?version=4b036d9fe7:2
[    1862ms] [WARNING] icon custom-ui:peer-reviewed not found @ https://julac-hku.primo.exlibrisgroup.com/discovery/lib/angular.js?version=4b036d9fe7:2
[    1862ms] [WARNING] icon custom-ui:open-access not found @ https://julac-hku.primo.exlibrisgroup.com/discovery/lib/angular.js?version=4b036d9fe7:2
[    1863ms] [WARNING] icon custom-ui:link not found @ https://julac-hku.primo.exlibrisgroup.com/discovery/lib/angular.js?version=4b036d9fe7:2
[    1863ms] [WARNING] icon custom-ui:chevron-right not found @ https://julac-hku.primo.exlibrisgroup.com/discovery/lib/angular.js?version=4b036d9fe7:2
[    1863ms] [WARNING] icon custom-ui:open-in-new not found @ https://julac-hku.primo.exlibrisgroup.com/discovery/lib/angular.js?version=4b036d9fe7:2
[    1863ms] [WARNING] icon custom-ui:citation not found @ https://julac-hku.primo.exlibrisgroup.com/discovery/lib/angular.js?version=4b036d9fe7:2
[    1863ms] [WARNING] icon custom-ui:citation not found @ https://julac-hku.primo.exlibrisgroup.com/discovery/lib/angular.js?version=4b036d9fe7:2
[    1863ms] [WARNING] icon custom-ui:chevron-left not found @ https://julac-hku.primo.exlibrisgroup.com/discovery/lib/angular.js?version=4b036d9fe7:2
[    1863ms] [WARNING] icon custom-ui:chevron-right not found @ https://julac-hku.primo.exlibrisgroup.com/discovery/lib/angular.js?version=4b036d9fe7:2
[    1863ms] [WARNING] icon custom-ui:personalize-results not found @ https://julac-hku.primo.exlibrisgroup.com/discovery/lib/angular.js?version=4b036d9fe7:2
[    1866ms] [LOG] this.mainSearchField: @ https://julac-hku.primo.exlibrisgroup.com/discovery/lib/bundle.js?version=58bfe6c3d1:73
[    1867ms] [LOG] this.mainSearchField: @ https://julac-hku.primo.exlibrisgroup.com/discovery/lib/bundle.js?version=58bfe6c3d1:73
[    1869ms] [LOG] this.mainSearchField: @ https://julac-hku.primo.exlibrisgroup.com/discovery/lib/bundle.js?version=58bfe6c3d1:73
[    1869ms] [LOG] this.mainSearchField: @ https://julac-hku.primo.exlibrisgroup.com/discovery/lib/bundle.js?version=58bfe6c3d1:73
[    1869ms] [WARNING] ARIA: Attribute " aria-label ", required for accessibility, is missing on node: JSHandle@node @ https://julac-hku.primo.exlibrisgroup.com/discovery/lib/angular.js?version=4b036d9fe7:2
[    1901ms] [LOG] this.mainSearchField: @ https://julac-hku.primo.exlibrisgroup.com/discovery/lib/bundle.js?version=58bfe6c3d1:73
[    1901ms] [LOG] this.mainSearchField: @ https://julac-hku.primo.exlibrisgroup.com/discovery/lib/bundle.js?version=58bfe6c3d1:73
[    1907ms] [LOG] this.mainSearchField: @ https://julac-hku.primo.exlibrisgroup.com/discovery/lib/bundle.js?version=58bfe6c3d1:73
[    1907ms] [LOG] this.mainSearchField: @ https://julac-hku.primo.exlibrisgroup.com/discovery/lib/bundle.js?version=58bfe6c3d1:73
[    1909ms] [LOG] this.mainSearchField: @ https://julac-hku.primo.exlibrisgroup.com/discovery/lib/bundle.js?version=58bfe6c3d1:73
[    1909ms] [LOG] this.mainSearchField: @ https://julac-hku.primo.exlibrisgroup.com/discovery/lib/bundle.js?version=58bfe6c3d1:73
[    1913ms] [LOG] this.mainSearchField: @ https://julac-hku.primo.exlibrisgroup.com/discovery/lib/bundle.js?version=58bfe6c3d1:73
[    1913ms] [LOG] this.mainSearchField: @ https://julac-hku.primo.exlibrisgroup.com/discovery/lib/bundle.js?version=58bfe6c3d1:73
[    1916ms] [LOG] this.mainSearchField: @ https://julac-hku.primo.exlibrisgroup.com/discovery/lib/bundle.js?version=58bfe6c3d1:73
[    1916ms] [LOG] this.mainSearchField: @ https://julac-hku.primo.exlibrisgroup.com/discovery/lib/bundle.js?version=58bfe6c3d1:73
[    1919ms] [LOG] this.mainSearchField: @ https://julac-hku.primo.exlibrisgroup.com/discovery/lib/bundle.js?version=58bfe6c3d1:73
[    1919ms] [LOG] this.mainSearchField: @ https://julac-hku.primo.exlibrisgroup.com/discovery/lib/bundle.js?version=58bfe6c3d1:73
[    1920ms] [LOG] this.mainSearchField: @ https://julac-hku.primo.exlibrisgroup.com/discovery/lib/bundle.js?version=58bfe6c3d1:73
[    1920ms] [LOG] this.mainSearchField: @ https://julac-hku.primo.exlibrisgroup.com/discovery/lib/bundle.js?version=58bfe6c3d1:73
[    1926ms] [LOG] this.mainSearchField: @ https://julac-hku.primo.exlibrisgroup.com/discovery/lib/bundle.js?version=58bfe6c3d1:73
[    1926ms] [LOG] this.mainSearchField: @ https://julac-hku.primo.exlibrisgroup.com/discovery/lib/bundle.js?version=58bfe6c3d1:73
[    1928ms] [LOG] this.mainSearchField: @ https://julac-hku.primo.exlibrisgroup.com/discovery/lib/bundle.js?version=58bfe6c3d1:73
[    1928ms] [LOG] this.mainSearchField: @ https://julac-hku.primo.exlibrisgroup.com/discovery/lib/bundle.js?version=58bfe6c3d1:73
[    1930ms] [LOG] this.mainSearchField: @ https://julac-hku.primo.exlibrisgroup.com/discovery/lib/bundle.js?version=58bfe6c3d1:73
[    1930ms] [LOG] this.mainSearchField: @ https://julac-hku.primo.exlibrisgroup.com/discovery/lib/bundle.js?version=58bfe6c3d1:73
[    1931ms] [LOG] this.mainSearchField: @ https://julac-hku.primo.exlibrisgroup.com/discovery/lib/bundle.js?version=58bfe6c3d1:73
[    1931ms] [LOG] this.mainSearchField: @ https://julac-hku.primo.exlibrisgroup.com/discovery/lib/bundle.js?version=58bfe6c3d1:73
[    1934ms] [LOG] this.mainSearchField: @ https://julac-hku.primo.exlibrisgroup.com/discovery/lib/bundle.js?version=58bfe6c3d1:73
[    1934ms] [LOG] this.mainSearchField: @ https://julac-hku.primo.exlibrisgroup.com/discovery/lib/bundle.js?version=58bfe6c3d1:73
[    2011ms] [LOG] this.mainSearchField: @ https://julac-hku.primo.exlibrisgroup.com/discovery/lib/bundle.js?version=58bfe6c3d1:73
[    2011ms] [LOG] this.mainSearchField: @ https://julac-hku.primo.exlibrisgroup.com/discovery/lib/bundle.js?version=58bfe6c3d1:73
[    2012ms] [LOG] this.mainSearchField: @ https://julac-hku.primo.exlibrisgroup.com/discovery/lib/bundle.js?version=58bfe6c3d1:73
[    2013ms] [LOG] this.mainSearchField: @ https://julac-hku.primo.exlibrisgroup.com/discovery/lib/bundle.js?version=58bfe6c3d1:73
[    2015ms] [LOG] this.mainSearchField: @ https://julac-hku.primo.exlibrisgroup.com/discovery/lib/bundle.js?version=58bfe6c3d1:73
[    2015ms] [LOG] this.mainSearchField: @ https://julac-hku.primo.exlibrisgroup.com/discovery/lib/bundle.js?version=58bfe6c3d1:73
[    2219ms] [LOG] this.mainSearchField: @ https://julac-hku.primo.exlibrisgroup.com/discovery/lib/bundle.js?version=58bfe6c3d1:73
[    2219ms] [LOG] this.mainSearchField: @ https://julac-hku.primo.exlibrisgroup.com/discovery/lib/bundle.js?version=58bfe6c3d1:73
[    2229ms] [LOG] this.mainSearchField: @ https://julac-hku.primo.exlibrisgroup.com/discovery/lib/bundle.js?version=58bfe6c3d1:73
[    2229ms] [LOG] this.mainSearchField: @ https://julac-hku.primo.exlibrisgroup.com/discovery/lib/bundle.js?version=58bfe6c3d1:73
[    2282ms] [LOG] this.mainSearchField: @ https://julac-hku.primo.exlibrisgroup.com/discovery/lib/bundle.js?version=58bfe6c3d1:73
[    2282ms] [LOG] this.mainSearchField: @ https://julac-hku.primo.exlibrisgroup.com/discovery/lib/bundle.js?version=58bfe6c3d1:73
[    2286ms] [LOG] this.mainSearchField: @ https://julac-hku.primo.exlibrisgroup.com/discovery/lib/bundle.js?version=58bfe6c3d1:73
[    2286ms] [LOG] this.mainSearchField: @ https://julac-hku.primo.exlibrisgroup.com/discovery/lib/bundle.js?version=58bfe6c3d1:73
[    2369ms] [LOG] this.mainSearchField: @ https://julac-hku.primo.exlibrisgroup.com/discovery/lib/bundle.js?version=58bfe6c3d1:73
[    2369ms] [LOG] this.mainSearchField: @ https://julac-hku.primo.exlibrisgroup.com/discovery/lib/bundle.js?version=58bfe6c3d1:73
[    2370ms] [LOG] this.mainSearchField: @ https://julac-hku.primo.exlibrisgroup.com/discovery/lib/bundle.js?version=58bfe6c3d1:73
[    2371ms] [LOG] this.mainSearchField: @ https://julac-hku.primo.exlibrisgroup.com/discovery/lib/bundle.js?version=58bfe6c3d1:73
[    2458ms] [LOG] this.mainSearchField: @ https://julac-hku.primo.exlibrisgroup.com/discovery/lib/bundle.js?version=58bfe6c3d1:73
[    2458ms] [LOG] this.mainSearchField: @ https://julac-hku.primo.exlibrisgroup.com/discovery/lib/bundle.js?version=58bfe6c3d1:73
[    2539ms] [LOG] this.mainSearchField: @ https://julac-hku.primo.exlibrisgroup.com/discovery/lib/bundle.js?version=58bfe6c3d1:73
[    2540ms] [LOG] this.mainSearchField: @ https://julac-hku.primo.exlibrisgroup.com/discovery/lib/bundle.js?version=58bfe6c3d1:73
[    2542ms] [LOG] this.mainSearchField: @ https://julac-hku.primo.exlibrisgroup.com/discovery/lib/bundle.js?version=58bfe6c3d1:73
[    2542ms] [LOG] this.mainSearchField: @ https://julac-hku.primo.exlibrisgroup.com/discovery/lib/bundle.js?version=58bfe6c3d1:73
[    2553ms] [LOG] this.mainSearchField: @ https://julac-hku.primo.exlibrisgroup.com/discovery/lib/bundle.js?version=58bfe6c3d1:73
[    2553ms] [LOG] this.mainSearchField: @ https://julac-hku.primo.exlibrisgroup.com/discovery/lib/bundle.js?version=58bfe6c3d1:73
[    2555ms] [LOG] this.mainSearchField: @ https://julac-hku.primo.exlibrisgroup.com/discovery/lib/bundle.js?version=58bfe6c3d1:73
[    2555ms] [LOG] this.mainSearchField: @ https://julac-hku.primo.exlibrisgroup.com/discovery/lib/bundle.js?version=58bfe6c3d1:73
[    2559ms] [LOG] this.mainSearchField: @ https://julac-hku.primo.exlibrisgroup.com/discovery/lib/bundle.js?version=58bfe6c3d1:73
[    2560ms] [LOG] this.mainSearchField: @ https://julac-hku.primo.exlibrisgroup.com/discovery/lib/bundle.js?version=58bfe6c3d1:73
[    2562ms] [LOG] this.mainSearchField: @ https://julac-hku.primo.exlibrisgroup.com/discovery/lib/bundle.js?version=58bfe6c3d1:73
[    2562ms] [LOG] this.mainSearchField: @ https://julac-hku.primo.exlibrisgroup.com/discovery/lib/bundle.js?version=58bfe6c3d1:73
[    2706ms] [LOG] this.mainSearchField: @ https://julac-hku.primo.exlibrisgroup.com/discovery/lib/bundle.js?version=58bfe6c3d1:73
[    2707ms] [LOG] this.mainSearchField: @ https://julac-hku.primo.exlibrisgroup.com/discovery/lib/bundle.js?version=58bfe6c3d1:73
[    2711ms] [LOG] this.mainSearchField: @ https://julac-hku.primo.exlibrisgroup.com/discovery/lib/bundle.js?version=58bfe6c3d1:73
[    2711ms] [LOG] this.mainSearchField: @ https://julac-hku.primo.exlibrisgroup.com/discovery/lib/bundle.js?version=58bfe6c3d1:73
[    2793ms] [LOG] this.mainSearchField: @ https://julac-hku.primo.exlibrisgroup.com/discovery/lib/bundle.js?version=58bfe6c3d1:73
[    2793ms] [LOG] this.mainSearchField: @ https://julac-hku.primo.exlibrisgroup.com/discovery/lib/bundle.js?version=58bfe6c3d1:73
[    2943ms] [LOG] this.mainSearchField: @ https://julac-hku.primo.exlibrisgroup.com/discovery/lib/bundle.js?version=58bfe6c3d1:73
[    2943ms] [LOG] this.mainSearchField: @ https://julac-hku.primo.exlibrisgroup.com/discovery/lib/bundle.js?version=58bfe6c3d1:73
[    2947ms] [LOG] this.mainSearchField: @ https://julac-hku.primo.exlibrisgroup.com/discovery/lib/bundle.js?version=58bfe6c3d1:73
[    2947ms] [LOG] this.mainSearchField: @ https://julac-hku.primo.exlibrisgroup.com/discovery/lib/bundle.js?version=58bfe6c3d1:73
[    3081ms] [LOG] this.mainSearchField: @ https://julac-hku.primo.exlibrisgroup.com/discovery/lib/bundle.js?version=58bfe6c3d1:73
[    3081ms] [LOG] this.mainSearchField: @ https://julac-hku.primo.exlibrisgroup.com/discovery/lib/bundle.js?version=58bfe6c3d1:73
[    3084ms] [LOG] this.mainSearchField: @ https://julac-hku.primo.exlibrisgroup.com/discovery/lib/bundle.js?version=58bfe6c3d1:73
[    3084ms] [LOG] this.mainSearchField: @ https://julac-hku.primo.exlibrisgroup.com/discovery/lib/bundle.js?version=58bfe6c3d1:73
[    3813ms] [LOG] this.mainSearchField: @ https://julac-hku.primo.exlibrisgroup.com/discovery/lib/bundle.js?version=58bfe6c3d1:73
[    3813ms] [LOG] this.mainSearchField: @ https://julac-hku.primo.exlibrisgroup.com/discovery/lib/bundle.js?version=58bfe6c3d1:73
[    3830ms] [LOG] this.mainSearchField: @ https://julac-hku.primo.exlibrisgroup.com/discovery/lib/bundle.js?version=58bfe6c3d1:73
[    3830ms] [LOG] this.mainSearchField: @ https://julac-hku.primo.exlibrisgroup.com/discovery/lib/bundle.js?version=58bfe6c3d1:73
[    3833ms] [WARNING] icon custom-ui:ic_more_horiz_24px not found @ https://julac-hku.primo.exlibrisgroup.com/discovery/lib/angular.js?version=4b036d9fe7:2
[    3833ms] [WARNING] icon custom-ui:close not found @ https://julac-hku.primo.exlibrisgroup.com/discovery/lib/angular.js?version=4b036d9fe7:2
[    3833ms] [WARNING] icon custom-ui:citation not found @ https://julac-hku.primo.exlibrisgroup.com/discovery/lib/angular.js?version=4b036d9fe7:2
[    3833ms] [WARNING] icon custom-ui:email not found @ https://julac-hku.primo.exlibrisgroup.com/discovery/lib/angular.js?version=4b036d9fe7:2
[    3838ms] [LOG] this.mainSearchField: @ https://julac-hku.primo.exlibrisgroup.com/discovery/lib/bundle.js?version=58bfe6c3d1:73
[    3838ms] [LOG] this.mainSearchField: @ https://julac-hku.primo.exlibrisgroup.com/discovery/lib/bundle.js?version=58bfe6c3d1:73
[    3842ms] [WARNING] icon custom-ui:prm_pin not found @ https://julac-hku.primo.exlibrisgroup.com/discovery/lib/angular.js?version=4b036d9fe7:2
[    3842ms] [WARNING] icon custom-ui:citedBy not found @ https://julac-hku.primo.exlibrisgroup.com/discovery/lib/angular.js?version=4b036d9fe7:2
[    3842ms] [WARNING] icon custom-ui:citing not found @ https://julac-hku.primo.exlibrisgroup.com/discovery/lib/angular.js?version=4b036d9fe7:2
[    3846ms] [LOG] this.mainSearchField: @ https://julac-hku.primo.exlibrisgroup.com/discovery/lib/bundle.js?version=58bfe6c3d1:73
[    3846ms] [LOG] this.mainSearchField: @ https://julac-hku.primo.exlibrisgroup.com/discovery/lib/bundle.js?version=58bfe6c3d1:73
[    3848ms] [LOG] this.mainSearchField: @ https://julac-hku.primo.exlibrisgroup.com/discovery/lib/bundle.js?version=58bfe6c3d1:73
[    3848ms] [LOG] this.mainSearchField: @ https://julac-hku.primo.exlibrisgroup.com/discovery/lib/bundle.js?version=58bfe6c3d1:73
[    3852ms] [LOG] this.mainSearchField: @ https://julac-hku.primo.exlibrisgroup.com/discovery/lib/bundle.js?version=58bfe6c3d1:73
[    3852ms] [LOG] this.mainSearchField: @ https://julac-hku.primo.exlibrisgroup.com/discovery/lib/bundle.js?version=58bfe6c3d1:73
[    3854ms] [LOG] this.mainSearchField: @ https://julac-hku.primo.exlibrisgroup.com/discovery/lib/bundle.js?version=58bfe6c3d1:73
[    3854ms] [LOG] this.mainSearchField: @ https://julac-hku.primo.exlibrisgroup.com/discovery/lib/bundle.js?version=58bfe6c3d1:73
[   11439ms] [LOG] this.mainSearchField: @ https://julac-hku.primo.exlibrisgroup.com/discovery/lib/bundle.js?version=58bfe6c3d1:73
[   11439ms] [LOG] this.mainSearchField: @ https://julac-hku.primo.exlibrisgroup.com/discovery/lib/bundle.js?version=58bfe6c3d1:73
[   11443ms] [LOG] this.mainSearchField: @ https://julac-hku.primo.exlibrisgroup.com/discovery/lib/bundle.js?version=58bfe6c3d1:73
[   11443ms] [LOG] this.mainSearchField: @ https://julac-hku.primo.exlibrisgroup.com/discovery/lib/bundle.js?version=58bfe6c3d1:73
[   11474ms] [LOG] this.mainSearchField: @ https://julac-hku.primo.exlibrisgroup.com/discovery/lib/bundle.js?version=58bfe6c3d1:73
[   11475ms] [LOG] this.mainSearchField: @ https://julac-hku.primo.exlibrisgroup.com/discovery/lib/bundle.js?version=58bfe6c3d1:73
[   11477ms] [LOG] this.mainSearchField: @ https://julac-hku.primo.exlibrisgroup.com/discovery/lib/bundle.js?version=58bfe6c3d1:73
[   11477ms] [LOG] this.mainSearchField: @ https://julac-hku.primo.exlibrisgroup.com/discovery/lib/bundle.js?version=58bfe6c3d1:73
[   11480ms] [LOG] this.mainSearchField: @ https://julac-hku.primo.exlibrisgroup.com/discovery/lib/bundle.js?version=58bfe6c3d1:73
[   11480ms] [LOG] this.mainSearchField: @ https://julac-hku.primo.exlibrisgroup.com/discovery/lib/bundle.js?version=58bfe6c3d1:73
[   11485ms] [LOG] this.mainSearchField: @ https://julac-hku.primo.exlibrisgroup.com/discovery/lib/bundle.js?version=58bfe6c3d1:73
[   11485ms] [LOG] this.mainSearchField: @ https://julac-hku.primo.exlibrisgroup.com/discovery/lib/bundle.js?version=58bfe6c3d1:73
[   12116ms] [LOG] this.mainSearchField: @ https://julac-hku.primo.exlibrisgroup.com/discovery/lib/bundle.js?version=58bfe6c3d1:73
[   12116ms] [LOG] this.mainSearchField: @ https://julac-hku.primo.exlibrisgroup.com/discovery/lib/bundle.js?version=58bfe6c3d1:73
[   12122ms] [LOG] this.mainSearchField: @ https://julac-hku.primo.exlibrisgroup.com/discovery/lib/bundle.js?version=58bfe6c3d1:73
[   12122ms] [LOG] this.mainSearchField: @ https://julac-hku.primo.exlibrisgroup.com/discovery/lib/bundle.js?version=58bfe6c3d1:73
[   14789ms] [LOG] got the wrong message,  event.data.event_id= undefined @ https://julac-hku.primo.exlibrisgroup.com/discovery/lib/bundle.js?version=58bfe6c3d1:62
